// Jest Snapshot v1, https://goo.gl/fbAQLP

exports[`<BookInput/> should match snapshort 1`] = `null`;
