// Jest Snapshot v1, https://goo.gl/fbAQLP

exports[`<App/> should match snapshort 1`] = `null`;
